test
lasagnes
